Resolving dependencies...
Downloading packages...
  flutter_lints 5.0.0 (6.0.0 available)
  go_router 14.8.1 (17.1.0 available)
  google_fonts 6.3.3 (8.0.2 available)
  lints 5.1.1 (6.1.0 available)
  meta 1.17.0 (1.18.2 available)
  test_api 0.7.10 (0.7.11 available)
  vector_math 2.2.0 (2.3.0 available)
Got dependencies!
7 packages have newer versions incompatible with dependency constraints.
Try `flutter pub outdated` for more information.
Compiling lib\main.dart for the Web...                          
flutter : Wasm dry run succeeded. Consider building and 
testing your application with the `--wasm` flag. See docs 
for more info: 
https://docs.flutter.dev/platform-integration/web/wasm
At line:1 char:50
+ ... = "C:\sazal\flutter\bin;" + $env:Path; flutter build 
web 2>&1 | Tee-O ...
+                                            
~~~~~~~~~~~~~~~~~~~~~~
    + CategoryInfo          : NotSpecified: (Wasm dry run su 
   ...ration/web/wasm:String) [], RemoteException
    + FullyQualifiedErrorId : NativeCommandError
 
Use --no-wasm-dry-run to disable these warnings.
Target dart2js failed: ProcessException: Process exited 
abnormally with exit code 1:
lib/components/menu_preview_card.dart:40:45:
Error: Member not found: 'amber300'.
              color: _isHovered ? AppColors.amber300 : 
AppColors.amber100,
                                            ^^^^^^^^
Error: Compilation failed.
  Command: C:\sazal\flutter\bin\cache\dart-sdk\bin\dart.exe 
compile js --platform-binaries=C:\sazal\flutter\bin\cache\flu
tter_web_sdk\kernel --invoker=flutter_tool 
-Ddart.vm.product=true -DFLUTTER_VERSION=3.41.5 
-DFLUTTER_CHANNEL=stable 
-DFLUTTER_GIT_URL=https://github.com/flutter/flutter.git 
-DFLUTTER_FRAMEWORK_REVISION=2c9eb20739 
-DFLUTTER_ENGINE_REVISION=052f31d115 
-DFLUTTER_DART_VERSION=3.11.3 -DFLUTTER_WEB_USE_SKIA=true 
-DFLUTTER_WEB_USE_SKWASM=false -DFLUTTER_WEB_CANVASKIT_URL=ht
tps://www.gstatic.com/flutter-canvaskit/052f31d115eceda8cbff1
b3481fcde4330c4ae12/ --native-null-assertions 
--no-source-maps -O4 --minify -o C:\sazal\the-ovens-secret_fl
utter\.dart_tool\flutter_build\9b4db3a9dba97df5265666a0ce0e0d
80\app.dill --packages=C:\sazal\the-ovens-secret_flutter\.dar
t_tool\package_config.json --cfe-only C:\sazal\the-ovens-secr
et_flutter\.dart_tool\flutter_build\9b4db3a9dba97df5265666a0c
e0e0d80\main.dart
#0      RunResult.throwException 
(package:flutter_tools/src/base/process.dart:153:5)
#1      _DefaultProcessUtils.run 
(package:flutter_tools/src/base/process.dart:379:19)
<asynchronous suspension>
#2      Dart2JSTarget.build (package:flutter_tools/src/build_
system/targets/web.dart:208:5)
<asynchronous suspension>
#3      _BuildInstance._invokeInternal (package:flutter_tools
/src/build_system/build_system.dart:937:9)
<asynchronous suspension>
#4      Future.wait.<anonymous closure> 
(dart:async/future.dart:546:21)
<asynchronous suspension>
#5      _BuildInstance.invokeTarget (package:flutter_tools/sr
c/build_system/build_system.dart:875:32)
<asynchronous suspension>
#6      Future.wait.<anonymous closure> 
(dart:async/future.dart:546:21)
<asynchronous suspension>
#7      _BuildInstance.invokeTarget (package:flutter_tools/sr
c/build_system/build_system.dart:875:32)
<asynchronous suspension>
#8      FlutterBuildSystem.build (package:flutter_tools/src/b
uild_system/build_system.dart:684:16)
<asynchronous suspension>
#9      WebBuilder.buildWeb 
(package:flutter_tools/src/web/compile.dart:107:34)
<asynchronous suspension>
#10     BuildWebCommand.runCommand 
(package:flutter_tools/src/commands/build_web.dart:300:5)
<asynchronous suspension>
#11     FlutterCommand.run.<anonymous closure> (package:flutt
er_tools/src/runner/flutter_command.dart:1590:27)
<asynchronous suspension>
#12     AppContext.run.<anonymous closure> 
(package:flutter_tools/src/base/context.dart:154:19)
<asynchronous suspension>
#13     CommandRunner.runCommand 
(package:args/command_runner.dart:212:13)
<asynchronous suspension>
#14     FlutterCommandRunner.runCommand.<anonymous closure> (
package:flutter_tools/src/runner/flutter_command_runner.dart:
496:9)
<asynchronous suspension>
#15     AppContext.run.<anonymous closure> 
(package:flutter_tools/src/base/context.dart:154:19)
<asynchronous suspension>
#16     FlutterCommandRunner.runCommand (package:flutter_tool
s/src/runner/flutter_command_runner.dart:431:5)
<asynchronous suspension>
#17     FlutterCommandRunner.run.<anonymous closure> (package
:flutter_tools/src/runner/flutter_command_runner.dart:307:33)
<asynchronous suspension>
#18     run.<anonymous closure>.<anonymous closure> 
(package:flutter_tools/runner.dart:104:11)
<asynchronous suspension>
#19     AppContext.run.<anonymous closure> 
(package:flutter_tools/src/base/context.dart:154:19)
<asynchronous suspension>
#20     main (package:flutter_tools/executable.dart:103:3)
<asynchronous suspension>

Compiling lib\main.dart for the Web...                             57.3s
Error: Failed to compile application for the Web.
