Resolving dependencies...
Downloading packages...
  flutter_lints 5.0.0 (6.0.0 available)
  go_router 14.8.1 (17.1.0 available)
  google_fonts 6.3.3 (8.0.2 available)
  lints 5.1.1 (6.1.0 available)
  meta 1.17.0 (1.18.2 available)
  test_api 0.7.10 (0.7.11 available)
  vector_math 2.2.0 (2.3.0 available)
Got dependencies!
7 packages have newer versions incompatible with dependency constraints.
Try `flutter pub outdated` for more information.
Compiling lib\main.dart for the Web...                          
flutter : Wasm dry run succeeded. Consider building and 
testing your application with the `--wasm` flag. See docs 
for more info: 
https://docs.flutter.dev/platform-integration/web/wasm
At line:1 char:82
+ ... tter clean; flutter pub get; flutter build web 
--release 2>&1 | Tee-O ...
+                                  
~~~~~~~~~~~~~~~~~~~~~~~~~~~~~~~~
    + CategoryInfo          : NotSpecified: (Wasm dry run su 
   ...ration/web/wasm:String) [], RemoteException
    + FullyQualifiedErrorId : NativeCommandError
 
Use --no-wasm-dry-run to disable these warnings.
Expected to find fonts for (MaterialIcons, packages/cupertino_icons/CupertinoIcons), but found (MaterialIcons). This usually means you are referring to font families in an IconData class but not including them in the assets section of your pubspec.yaml, are missing the package that would include them, or are missing "uses-material-design: true".
Font asset "MaterialIcons-Regular.otf" was tree-shaken, reducing it from 1645184 to 8736 bytes (99.5% reduction). Tree-shaking can be disabled by providing the --no-tree-shake-icons flag when building your app.
Compiling lib\main.dart for the Web...                             87.2s
ΓêÜ Built build\web
